1+0 registros leídos
1+0 registros escritos
1 byte (1 B) copiado, 4,6856e-05 s, 21,3 kB/s
